[foo, -1, 0] => foo, -2, 0 
[foo, -1, 1] => foo, -2, 0 
[foo, -1, 49] => foo, -2, 47 
[foo, -1, 50] => foo, -2, 48 
[foo, 0, 0] => foo, -1, 0 
[foo, 0, 1] => foo, -1, 0 
[foo, 0, 49] => foo, -1, 47 
[foo, 0, 50] => foo, -1, 48 
[foo, 2, 0] => foo, 1, 0 
[foo, 2, 1] => foo, 1, 0 
[foo, 2, 49] => foo, 1, 48 
[foo, 2, 50] => foo, 1, 49 
[foo, 6, 0] => foo, 5, 0 
[foo, 6, 1] => foo, 5, 0 
[foo, 6, 49] => foo, 5, 48 
[foo, 6, 50] => foo, 5, 49 
[foo, 11, 0] => foo, 10, 0 
[foo, 11, 1] => foo, 10, 0 
[foo, 11, 49] => foo, 10, 48 
[foo, 11, 50] => foo, 10, 49 
[Aged Brie, -1, 0] => Aged Brie, -2, 2 
[Aged Brie, -1, 1] => Aged Brie, -2, 3 
[Aged Brie, -1, 49] => Aged Brie, -2, 50 
[Aged Brie, -1, 50] => Aged Brie, -2, 50 
[Aged Brie, 0, 0] => Aged Brie, -1, 2 
[Aged Brie, 0, 1] => Aged Brie, -1, 3 
[Aged Brie, 0, 49] => Aged Brie, -1, 50 
[Aged Brie, 0, 50] => Aged Brie, -1, 50 
[Aged Brie, 2, 0] => Aged Brie, 1, 1 
[Aged Brie, 2, 1] => Aged Brie, 1, 2 
[Aged Brie, 2, 49] => Aged Brie, 1, 50 
[Aged Brie, 2, 50] => Aged Brie, 1, 50 
[Aged Brie, 6, 0] => Aged Brie, 5, 1 
[Aged Brie, 6, 1] => Aged Brie, 5, 2 
[Aged Brie, 6, 49] => Aged Brie, 5, 50 
[Aged Brie, 6, 50] => Aged Brie, 5, 50 
[Aged Brie, 11, 0] => Aged Brie, 10, 1 
[Aged Brie, 11, 1] => Aged Brie, 10, 2 
[Aged Brie, 11, 49] => Aged Brie, 10, 50 
[Aged Brie, 11, 50] => Aged Brie, 10, 50 
[Backstage passes to a TAFKAL80ETC concert, -1, 0] => Backstage passes to a TAFKAL80ETC concert, -2, 0 
[Backstage passes to a TAFKAL80ETC concert, -1, 1] => Backstage passes to a TAFKAL80ETC concert, -2, 0 
[Backstage passes to a TAFKAL80ETC concert, -1, 49] => Backstage passes to a TAFKAL80ETC concert, -2, 0 
[Backstage passes to a TAFKAL80ETC concert, -1, 50] => Backstage passes to a TAFKAL80ETC concert, -2, 0 
[Backstage passes to a TAFKAL80ETC concert, 0, 0] => Backstage passes to a TAFKAL80ETC concert, -1, 0 
[Backstage passes to a TAFKAL80ETC concert, 0, 1] => Backstage passes to a TAFKAL80ETC concert, -1, 0 
[Backstage passes to a TAFKAL80ETC concert, 0, 49] => Backstage passes to a TAFKAL80ETC concert, -1, 0 
[Backstage passes to a TAFKAL80ETC concert, 0, 50] => Backstage passes to a TAFKAL80ETC concert, -1, 0 
[Backstage passes to a TAFKAL80ETC concert, 2, 0] => Backstage passes to a TAFKAL80ETC concert, 1, 3 
[Backstage passes to a TAFKAL80ETC concert, 2, 1] => Backstage passes to a TAFKAL80ETC concert, 1, 4 
[Backstage passes to a TAFKAL80ETC concert, 2, 49] => Backstage passes to a TAFKAL80ETC concert, 1, 50 
[Backstage passes to a TAFKAL80ETC concert, 2, 50] => Backstage passes to a TAFKAL80ETC concert, 1, 50 
[Backstage passes to a TAFKAL80ETC concert, 6, 0] => Backstage passes to a TAFKAL80ETC concert, 5, 2 
[Backstage passes to a TAFKAL80ETC concert, 6, 1] => Backstage passes to a TAFKAL80ETC concert, 5, 3 
[Backstage passes to a TAFKAL80ETC concert, 6, 49] => Backstage passes to a TAFKAL80ETC concert, 5, 50 
[Backstage passes to a TAFKAL80ETC concert, 6, 50] => Backstage passes to a TAFKAL80ETC concert, 5, 50 
[Backstage passes to a TAFKAL80ETC concert, 11, 0] => Backstage passes to a TAFKAL80ETC concert, 10, 1 
[Backstage passes to a TAFKAL80ETC concert, 11, 1] => Backstage passes to a TAFKAL80ETC concert, 10, 2 
[Backstage passes to a TAFKAL80ETC concert, 11, 49] => Backstage passes to a TAFKAL80ETC concert, 10, 50 
[Backstage passes to a TAFKAL80ETC concert, 11, 50] => Backstage passes to a TAFKAL80ETC concert, 10, 50 
[Sulfuras, Hand of Ragnaros, -1, 0] => Sulfuras, Hand of Ragnaros, -1, 0 
[Sulfuras, Hand of Ragnaros, -1, 1] => Sulfuras, Hand of Ragnaros, -1, 1 
[Sulfuras, Hand of Ragnaros, -1, 49] => Sulfuras, Hand of Ragnaros, -1, 49 
[Sulfuras, Hand of Ragnaros, -1, 50] => Sulfuras, Hand of Ragnaros, -1, 50 
[Sulfuras, Hand of Ragnaros, 0, 0] => Sulfuras, Hand of Ragnaros, 0, 0 
[Sulfuras, Hand of Ragnaros, 0, 1] => Sulfuras, Hand of Ragnaros, 0, 1 
[Sulfuras, Hand of Ragnaros, 0, 49] => Sulfuras, Hand of Ragnaros, 0, 49 
[Sulfuras, Hand of Ragnaros, 0, 50] => Sulfuras, Hand of Ragnaros, 0, 50 
[Sulfuras, Hand of Ragnaros, 2, 0] => Sulfuras, Hand of Ragnaros, 2, 0 
[Sulfuras, Hand of Ragnaros, 2, 1] => Sulfuras, Hand of Ragnaros, 2, 1 
[Sulfuras, Hand of Ragnaros, 2, 49] => Sulfuras, Hand of Ragnaros, 2, 49 
[Sulfuras, Hand of Ragnaros, 2, 50] => Sulfuras, Hand of Ragnaros, 2, 50 
[Sulfuras, Hand of Ragnaros, 6, 0] => Sulfuras, Hand of Ragnaros, 6, 0 
[Sulfuras, Hand of Ragnaros, 6, 1] => Sulfuras, Hand of Ragnaros, 6, 1 
[Sulfuras, Hand of Ragnaros, 6, 49] => Sulfuras, Hand of Ragnaros, 6, 49 
[Sulfuras, Hand of Ragnaros, 6, 50] => Sulfuras, Hand of Ragnaros, 6, 50 
[Sulfuras, Hand of Ragnaros, 11, 0] => Sulfuras, Hand of Ragnaros, 11, 0 
[Sulfuras, Hand of Ragnaros, 11, 1] => Sulfuras, Hand of Ragnaros, 11, 1 
[Sulfuras, Hand of Ragnaros, 11, 49] => Sulfuras, Hand of Ragnaros, 11, 49 
[Sulfuras, Hand of Ragnaros, 11, 50] => Sulfuras, Hand of Ragnaros, 11, 50 
[Conjured Mana Cake, -1, 0] => Conjured Mana Cake, -2, 0 
[Conjured Mana Cake, -1, 1] => Conjured Mana Cake, -2, -1 
[Conjured Mana Cake, -1, 49] => Conjured Mana Cake, -2, 45 
[Conjured Mana Cake, -1, 50] => Conjured Mana Cake, -2, 46 
[Conjured Mana Cake, 0, 0] => Conjured Mana Cake, -1, 0 
[Conjured Mana Cake, 0, 1] => Conjured Mana Cake, -1, -1 
[Conjured Mana Cake, 0, 49] => Conjured Mana Cake, -1, 45 
[Conjured Mana Cake, 0, 50] => Conjured Mana Cake, -1, 46 
[Conjured Mana Cake, 2, 0] => Conjured Mana Cake, 1, 0 
[Conjured Mana Cake, 2, 1] => Conjured Mana Cake, 1, -1 
[Conjured Mana Cake, 2, 49] => Conjured Mana Cake, 1, 47 
[Conjured Mana Cake, 2, 50] => Conjured Mana Cake, 1, 48 
[Conjured Mana Cake, 6, 0] => Conjured Mana Cake, 5, 0 
[Conjured Mana Cake, 6, 1] => Conjured Mana Cake, 5, -1 
[Conjured Mana Cake, 6, 49] => Conjured Mana Cake, 5, 47 
[Conjured Mana Cake, 6, 50] => Conjured Mana Cake, 5, 48 
[Conjured Mana Cake, 11, 0] => Conjured Mana Cake, 10, 0 
[Conjured Mana Cake, 11, 1] => Conjured Mana Cake, 10, -1 
[Conjured Mana Cake, 11, 49] => Conjured Mana Cake, 10, 47 
[Conjured Mana Cake, 11, 50] => Conjured Mana Cake, 10, 48 
